// 重构日志: 9dad4979
// 重构日志: aa9e232a
// 同步 ID: be85fd6f @ Fri Jul 24 18:23:47 UTC 2026
// 重构日志: abc147a1
// 同步 ID: 3ca87e4d @ Sat Jul 25 06:39:35 UTC 2026
// 重构日志: 010b64a9
// 同步 ID: 6ccdb495 @ Sun Jul 26 16:23:39 UTC 2026
// 重构日志: 676f69f2
// 重构日志: a52bcde5
// 同步 ID: 4203b105 @ Wed Jul 29 00:49:34 UTC 2026
// 重构日志: b1bc1350
// 重构日志: ff87ba3c
// 重构日志: ff6c86b9
// 重构日志: f63023ab
// 重构日志: d65290fd
// 重构日志: e1953ca1
// 重构日志: 64858ae9
// 重构日志: f86c75ac
// 重构日志: 6e3bc68c
// 重构日志: 04bfefe9
// 重构日志: abc37dda
// 重构日志: 19e8c807
// 重构日志: 7c813984
// 重构日志: 1d48aed0
// 重构日志: e9e295ec
// 重构日志: 9cb9de60
// 重构日志: 7e686db9
// 重构日志: 2b38b2b0
// 重构日志: 0beec8c0
// 同步 ID: 71f9ff1b @ Thu Aug  6 15:38:45 UTC 2026
// 重构日志: 4605c353
